Release 14.7 - xst P.20131013 (nt)
Copyright (c) 1995-2013 Xilinx, Inc.  All rights reserved.
--> Parameter TMPDIR set to xst/projnav.tmp


Total REAL time to Xst completion: 0.00 secs
Total CPU time to Xst completion: 0.14 secs
 
--> Parameter xsthdpdir set to xst


Total REAL time to Xst completion: 0.00 secs
Total CPU time to Xst completion: 0.14 secs
 
--> Reading design: phases.prj

TABLE OF CONTENTS
  1) Synthesis Options Summary
  2) HDL Compilation
  3) Design Hierarchy Analysis
  4) HDL Analysis
  5) HDL Synthesis
     5.1) HDL Synthesis Report
  6) Advanced HDL Synthesis
     6.1) Advanced HDL Synthesis Report
  7) Low Level Synthesis
  8) Partition Report
  9) Final Report
	9.1) Device utilization summary
	9.2) Partition Resource Summary
	9.3) TIMING REPORT


=========================================================================
*                      Synthesis Options Summary                        *
=========================================================================
---- Source Parameters
Input File Name                    : "phases.prj"
Input Format                       : mixed
Ignore Synthesis Constraint File   : NO

---- Target Parameters
Output File Name                   : "phases"
Output Format                      : NGC
Target Device                      : xc3s50a-4-tq144

---- Source Options
Top Module Name                    : phases
Automatic FSM Extraction           : YES
FSM Encoding Algorithm             : Auto
Safe Implementation                : No
FSM Style                          : LUT
RAM Extraction                     : Yes
RAM Style                          : Auto
ROM Extraction                     : Yes
Mux Style                          : Auto
Decoder Extraction                 : YES
Priority Encoder Extraction        : Yes
Shift Register Extraction          : YES
Logical Shifter Extraction         : YES
XOR Collapsing                     : YES
ROM Style                          : Auto
Mux Extraction                     : Yes
Resource Sharing                   : YES
Asynchronous To Synchronous        : NO
Multiplier Style                   : Auto
Automatic Register Balancing       : No

---- Target Options
Add IO Buffers                     : YES
Global Maximum Fanout              : 100000
Add Generic Clock Buffer(BUFG)     : 24
Register Duplication               : YES
Slice Packing                      : YES
Optimize Instantiated Primitives   : NO
Use Clock Enable                   : Yes
Use Synchronous Set                : Yes
Use Synchronous Reset              : Yes
Pack IO Registers into IOBs        : Auto
Equivalent register Removal        : YES

---- General Options
Optimization Goal                  : Speed
Optimization Effort                : 1
Keep Hierarchy                     : No
Netlist Hierarchy                  : As_Optimized
RTL Output                         : Yes
Global Optimization                : AllClockNets
Read Cores                         : YES
Write Timing Constraints           : NO
Cross Clock Analysis               : NO
Hierarchy Separator                : /
Bus Delimiter                      : <>
Case Specifier                     : Maintain
Slice Utilization Ratio            : 100
BRAM Utilization Ratio             : 100
Verilog 2001                       : YES
Auto BRAM Packing                  : NO
Slice Utilization Ratio Delta      : 5

=========================================================================


=========================================================================
*                          HDL Compilation                              *
=========================================================================
Compiling vhdl file "C:/Users/Krist/Documents/FPGA Projects/SimonSays-master/phases211.vhd" in Library work.
Entity <phases> compiled.
Entity <phases> (Architecture <behavioral>) compiled.

=========================================================================
*                     Design Hierarchy Analysis                         *
=========================================================================
Analyzing hierarchy for entity <phases> in library <work> (architecture <behavioral>).


=========================================================================
*                            HDL Analysis                               *
=========================================================================
Analyzing Entity <phases> in library <work> (Architecture <behavioral>).
Entity <phases> analyzed. Unit <phases> generated.


=========================================================================
*                           HDL Synthesis                               *
=========================================================================

Performing bidirectional port resolution...

Synthesizing Unit <phases>.
    Related source file is "C:/Users/Krist/Documents/FPGA Projects/SimonSays-master/phases211.vhd".
WARNING:Xst:1306 - Output <SD> is never assigned.
WARNING:Xst:647 - Input <button4> is never used. This port will be preserved and left unconnected if it belongs to a top-level block or it belongs to a sub-block and the hierarchy of this sub-block is preserved.
WARNING:Xst:647 - Input <button5> is never used. This port will be preserved and left unconnected if it belongs to a top-level block or it belongs to a sub-block and the hierarchy of this sub-block is preserved.
WARNING:Xst:1780 - Signal <nextstate> is never used or assigned. This unconnected signal will be trimmed during the optimization process.
WARNING:Xst:1780 - Signal <counternext> is never used or assigned. This unconnected signal will be trimmed during the optimization process.
WARNING:Xst:1780 - Signal <counter> is never used or assigned. This unconnected signal will be trimmed during the optimization process.
    Found finite state machine <FSM_0> for signal <state>.
    -----------------------------------------------------------------------
    | States             | 12                                             |
    | Transitions        | 30                                             |
    | Inputs             | 5                                              |
    | Outputs            | 12                                             |
    | Clock              | clk                       (rising_edge)        |
    | Reset              | reset                     (negative)           |
    | Reset type         | asynchronous                                   |
    | Reset State        | preone                                         |
    | Power Up State     | preone                                         |
    | Encoding           | automatic                                      |
    | Implementation     | LUT                                            |
    -----------------------------------------------------------------------
    Found 1-bit register for signal <Enable1>.
    Found 1-bit register for signal <Enable2>.
    Found 8-bit register for signal <SevenD>.
    Found 32-bit register for signal <i>.
    Found 32-bit adder for signal <i$add0000> created at line 253.
    Found 32-bit adder for signal <i$addsub0000> created at line 116.
    Found 32-bit comparator less for signal <i$cmp_lt0000> created at line 115.
    Found 32-bit comparator less for signal <i$cmp_lt0001> created at line 123.
    Found 32-bit comparator less for signal <i$cmp_lt0002> created at line 144.
    Found 32-bit comparator less for signal <i$cmp_lt0003> created at line 166.
    Found 32-bit comparator less for signal <i$cmp_lt0004> created at line 190.
    Found 32-bit comparator less for signal <i$cmp_lt0005> created at line 213.
    Found 32-bit comparator less for signal <i$cmp_lt0006> created at line 237.
    Found 32-bit comparator less for signal <i$cmp_lt0007> created at line 260.
    Found 32-bit 4-to-1 multiplexer for signal <i$mux0000> created at line 107.
    Found 32-bit 4-to-1 multiplexer for signal <i$mux0002> created at line 115.
    Found 32-bit 4-to-1 multiplexer for signal <i$mux0004> created at line 136.
    Found 32-bit 4-to-1 multiplexer for signal <i$mux0006> created at line 158.
    Found 32-bit 4-to-1 multiplexer for signal <i$mux0008> created at line 182.
    Found 32-bit 4-to-1 multiplexer for signal <i$mux0010> created at line 205.
    Found 32-bit 4-to-1 multiplexer for signal <i$mux0012> created at line 229.
    Found 32-bit 4-to-1 multiplexer for signal <i$mux0014> created at line 252.
    Found 32-bit adder for signal <i$share0000> created at line 67.
    Found 32-bit comparator less for signal <state$cmp_lt0000> created at line 69.
    Summary:
	inferred   1 Finite State Machine(s).
	inferred  42 D-type flip-flop(s).
	inferred   3 Adder/Subtractor(s).
	inferred   9 Comparator(s).
	inferred 256 Multiplexer(s).
Unit <phases> synthesized.

INFO:Xst:1767 - HDL ADVISOR - Resource sharing has identified that some arithmetic operations in this design can share the same physical resources for reduced device utilization. For improved clock frequency you may try to disable resource sharing.

=========================================================================
HDL Synthesis Report

Macro Statistics
# Adders/Subtractors                                   : 3
 32-bit adder                                          : 3
# Registers                                            : 4
 1-bit register                                        : 2
 32-bit register                                       : 1
 8-bit register                                        : 1
# Comparators                                          : 9
 32-bit comparator less                                : 9
# Multiplexers                                         : 8
 32-bit 4-to-1 multiplexer                             : 8

=========================================================================

=========================================================================
*                       Advanced HDL Synthesis                          *
=========================================================================

Analyzing FSM <FSM_0> for best encoding.
Optimizing FSM <state/FSM> on signal <state[1:4]> with gray encoding.
---------------------------
 State         | Encoding
---------------------------
 preone        | 0000
 pretwo        | 0001
 prethree      | 0011
 clear         | 0010
 zero          | 0110
 one           | 0100
 two           | 1101
 win           | 1110
 over          | 0101
 zerowaitstate | 0111
 onewaitstate  | 1100
 twowaitstate  | 1111
---------------------------

=========================================================================
Advanced HDL Synthesis Report

Macro Statistics
# FSMs                                                 : 1
# Adders/Subtractors                                   : 3
 32-bit adder                                          : 3
# Registers                                            : 42
 Flip-Flops                                            : 42
# Comparators                                          : 9
 32-bit comparator less                                : 9
# Multiplexers                                         : 8
 32-bit 4-to-1 multiplexer                             : 8

=========================================================================

=========================================================================
*                         Low Level Synthesis                           *
=========================================================================

Optimizing unit <phases> ...
WARNING:Xst:1710 - FF/Latch <SevenD_7> (without init value) has a constant value of 1 in block <phases>. This FF/Latch will be trimmed during the optimization process.

Mapping all equations...
Building and optimizing final netlist ...
Found area constraint ratio of 100 (+ 5) on block phases, actual ratio is 37.

Final Macro Processing ...

=========================================================================
Final Register Report

Macro Statistics
# Registers                                            : 45
 Flip-Flops                                            : 45

=========================================================================

=========================================================================
*                           Partition Report                            *
=========================================================================

Partition Implementation Status
-------------------------------

  No Partitions were found in this design.

-------------------------------

=========================================================================
*                            Final Report                               *
=========================================================================
Final Results
RTL Top Level Output File Name     : phases.ngr
Top Level Output File Name         : phases
Output Format                      : NGC
Optimization Goal                  : Speed
Keep Hierarchy                     : No

Design Statistics
# IOs                              : 26

Cell Usage :
# BELS                             : 882
#      GND                         : 1
#      INV                         : 5
#      LUT1                        : 35
#      LUT2                        : 40
#      LUT2_D                      : 1
#      LUT2_L                      : 1
#      LUT3                        : 107
#      LUT3_D                      : 27
#      LUT3_L                      : 25
#      LUT4                        : 244
#      LUT4_D                      : 7
#      LUT4_L                      : 47
#      MUXCY                       : 240
#      MUXF5                       : 5
#      VCC                         : 1
#      XORCY                       : 96
# FlipFlops/Latches                : 45
#      FDC                         : 4
#      FDE                         : 41
# Clock Buffers                    : 1
#      BUFGP                       : 1
# IO Buffers                       : 15
#      IBUF                        : 4
#      OBUF                        : 11
=========================================================================

Device utilization summary:
---------------------------

Selected Device : 3s50atq144-4 

 Number of Slices:                      272  out of    704    38%  
 Number of Slice Flip Flops:             45  out of   1408     3%  
 Number of 4 input LUTs:                539  out of   1408    38%  
 Number of IOs:                          26
 Number of bonded IOBs:                  16  out of    108    14%  
 Number of GCLKs:                         1  out of     24     4%  

---------------------------
Partition Resource Summary:
---------------------------

  No Partitions were found in this design.

---------------------------


=========================================================================
TIMING REPORT

NOTE: THESE TIMING NUMBERS ARE ONLY A SYNTHESIS ESTIMATE.
      FOR ACCURATE TIMING INFORMATION PLEASE REFER TO THE TRACE REPORT
      GENERATED AFTER PLACE-and-ROUTE.

Clock Information:
------------------
-----------------------------------+------------------------+-------+
Clock Signal                       | Clock buffer(FF name)  | Load  |
-----------------------------------+------------------------+-------+
clk                                | BUFGP                  | 45    |
-----------------------------------+------------------------+-------+

Asynchronous Control Signals Information:
----------------------------------------
-------------------------------------------------------+------------------------+-------+
Control Signal                                         | Buffer(FF name)        | Load  |
-------------------------------------------------------+------------------------+-------+
state_FSM_Acst_FSM_inv(state_FSM_Acst_FSM_inv1_INV_0:O)| NONE(state_FSM_FFd1)   | 4     |
-------------------------------------------------------+------------------------+-------+

Timing Summary:
---------------
Speed Grade: -4

   Minimum period: 19.275ns (Maximum Frequency: 51.881MHz)
   Minimum input arrival time before clock: 5.803ns
   Maximum output required time after clock: 7.797ns
   Maximum combinational path delay: No path found

Timing Detail:
--------------
All values displayed in nanoseconds (ns)

=========================================================================
Timing constraint: Default period analysis for Clock 'clk'
  Clock period: 19.275ns (frequency: 51.881MHz)
  Total number of paths / destination ports: 7136104 / 45
-------------------------------------------------------------------------
Delay:               19.275ns (Levels of Logic = 37)
  Source:            i_6 (FF)
  Destination:       i_0 (FF)
  Source Clock:      clk rising
  Destination Clock: clk rising

  Data Path: i_6 to i_0
                                Gate     Net
    Cell:in->out      fanout   Delay   Delay  Logical Name (Net Name)
    ----------------------------------------  ------------
     FDE:C->Q             12   0.591   1.104  i_6 (i_6)
     LUT1:I0->O            1   0.648   0.000  Mcompar_state_cmp_lt0000_cy<0>_rt (Mcompar_state_cmp_lt0000_cy<0>_rt)
     MUXCY:S->O            1   0.632   0.000  Mcompar_state_cmp_lt0000_cy<0> (Mcompar_state_cmp_lt0000_cy<0>)
     MUXCY:CI->O           1   0.065   0.000  Mcompar_state_cmp_lt0000_cy<1> (Mcompar_state_cmp_lt0000_cy<1>)
     MUXCY:CI->O           1   0.065   0.000  Mcompar_state_cmp_lt0000_cy<2> (Mcompar_state_cmp_lt0000_cy<2>)
     MUXCY:CI->O           1   0.065   0.000  Mcompar_state_cmp_lt0000_cy<3> (Mcompar_state_cmp_lt0000_cy<3>)
     MUXCY:CI->O           1   0.065   0.000  Mcompar_state_cmp_lt0000_cy<4> (Mcompar_state_cmp_lt0000_cy<4>)
     MUXCY:CI->O           1   0.065   0.000  Mcompar_state_cmp_lt0000_cy<5> (Mcompar_state_cmp_lt0000_cy<5>)
     MUXCY:CI->O           1   0.065   0.000  Mcompar_state_cmp_lt0000_cy<6> (Mcompar_state_cmp_lt0000_cy<6>)
     MUXCY:CI->O           1   0.065   0.000  Mcompar_state_cmp_lt0000_cy<7> (Mcompar_state_cmp_lt0000_cy<7>)
     MUXCY:CI->O           1   0.065   0.000  Mcompar_state_cmp_lt0000_cy<8> (Mcompar_state_cmp_lt0000_cy<8>)
     MUXCY:CI->O           1   0.065   0.000  Mcompar_state_cmp_lt0000_cy<9> (Mcompar_state_cmp_lt0000_cy<9>)
     MUXCY:CI->O           1   0.065   0.000  Mcompar_state_cmp_lt0000_cy<10> (Mcompar_state_cmp_lt0000_cy<10>)
     MUXCY:CI->O           1   0.269   0.452  Mcompar_state_cmp_lt0000_cy<11> (Mcompar_state_cmp_lt0000_cy<11>)
     LUT3_D:I2->O        174   0.648   1.310  Mcompar_state_cmp_lt0000_cy<13>1 (Mcompar_state_cmp_lt0000_cy<13>)
     LUT4_D:I3->O          9   0.648   0.900  i_mux0000<9>1 (i_mux0000<9>)
     LUT2:I1->O            1   0.643   0.000  Mcompar_i_cmp_lt0000_lut<2> (Mcompar_i_cmp_lt0000_lut<2>)
     MUXCY:S->O            1   0.632   0.000  Mcompar_i_cmp_lt0000_cy<2> (Mcompar_i_cmp_lt0000_cy<2>)
     MUXCY:CI->O           1   0.065   0.000  Mcompar_i_cmp_lt0000_cy<3> (Mcompar_i_cmp_lt0000_cy<3>)
     MUXCY:CI->O           1   0.065   0.000  Mcompar_i_cmp_lt0000_cy<4> (Mcompar_i_cmp_lt0000_cy<4>)
     MUXCY:CI->O           1   0.065   0.000  Mcompar_i_cmp_lt0000_cy<5> (Mcompar_i_cmp_lt0000_cy<5>)
     MUXCY:CI->O           1   0.065   0.000  Mcompar_i_cmp_lt0000_cy<6> (Mcompar_i_cmp_lt0000_cy<6>)
     MUXCY:CI->O           1   0.065   0.000  Mcompar_i_cmp_lt0000_cy<7> (Mcompar_i_cmp_lt0000_cy<7>)
     MUXCY:CI->O           1   0.065   0.000  Mcompar_i_cmp_lt0000_cy<8> (Mcompar_i_cmp_lt0000_cy<8>)
     MUXCY:CI->O           1   0.065   0.000  Mcompar_i_cmp_lt0000_cy<9> (Mcompar_i_cmp_lt0000_cy<9>)
     MUXCY:CI->O           1   0.065   0.000  Mcompar_i_cmp_lt0000_cy<10> (Mcompar_i_cmp_lt0000_cy<10>)
     MUXCY:CI->O           1   0.269   0.452  Mcompar_i_cmp_lt0000_cy<11> (Mcompar_i_cmp_lt0000_cy<11>)
     LUT3_D:I2->O         68   0.648   1.306  Mcompar_i_cmp_lt0000_cy<13>1 (Mcompar_i_cmp_lt0000_cy<13>)
     LUT4:I2->O            4   0.648   0.667  Mmux_i_mux0002111 (i_mux0002<19>)
     LUT2:I1->O            1   0.643   0.000  Mcompar_i_cmp_lt0001_lut<8> (Mcompar_i_cmp_lt0001_lut<8>)
     MUXCY:S->O            1   0.632   0.000  Mcompar_i_cmp_lt0001_cy<8> (Mcompar_i_cmp_lt0001_cy<8>)
     MUXCY:CI->O           1   0.065   0.000  Mcompar_i_cmp_lt0001_cy<9> (Mcompar_i_cmp_lt0001_cy<9>)
     MUXCY:CI->O           1   0.065   0.000  Mcompar_i_cmp_lt0001_cy<10> (Mcompar_i_cmp_lt0001_cy<10>)
     MUXCY:CI->O           1   0.065   0.000  Mcompar_i_cmp_lt0001_cy<11> (Mcompar_i_cmp_lt0001_cy<11>)
     MUXCY:CI->O           1   0.065   0.000  Mcompar_i_cmp_lt0001_cy<12> (Mcompar_i_cmp_lt0001_cy<12>)
     MUXCY:CI->O          35   0.269   1.266  Mcompar_i_cmp_lt0001_cy<13> (Mcompar_i_cmp_lt0001_cy<13>)
     LUT4_D:I3->O         15   0.648   1.020  i_mux0016<11>199 (N01)
     LUT4:I3->O            1   0.648   0.000  i_mux0016<8>50 (i_mux0016<8>)
     FDE:D                     0.252          i_8
    ----------------------------------------
    Total                     19.275ns (10.798ns logic, 8.477ns route)
                                       (56.0% logic, 44.0% route)

=========================================================================
Timing constraint: Default OFFSET IN BEFORE for Clock 'clk'
  Total number of paths / destination ports: 57 / 44
-------------------------------------------------------------------------
Offset:              5.803ns (Levels of Logic = 5)
  Source:            button2 (PAD)
  Destination:       state_FSM_FFd4 (FF)
  Destination Clock: clk rising

  Data Path: button2 to state_FSM_FFd4
                                Gate     Net
    Cell:in->out      fanout   Delay   Delay  Logical Name (Net Name)
    ----------------------------------------  ------------
     IBUF:I->O             6   0.849   0.812  button2_IBUF (button2_IBUF)
     LUT4:I0->O            1   0.648   0.423  state_FSM_FFd4-In9 (state_FSM_FFd4-In9)
     LUT4:I3->O            1   0.648   0.452  state_FSM_FFd4-In22 (state_FSM_FFd4-In22)
     LUT4:I2->O            1   0.648   0.423  state_FSM_FFd4-In124_SW0 (N139)
     LUT4:I3->O            1   0.648   0.000  state_FSM_FFd4-In124 (state_FSM_FFd4-In)
     FDC:D                     0.252          state_FSM_FFd4
    ----------------------------------------
    Total                      5.803ns (3.693ns logic, 2.110ns route)
                                       (63.6% logic, 36.4% route)

=========================================================================
Timing constraint: Default OFFSET OUT AFTER for Clock 'clk'
  Total number of paths / destination ports: 12 / 10
-------------------------------------------------------------------------
Offset:              7.797ns (Levels of Logic = 2)
  Source:            state_FSM_FFd3 (FF)
  Destination:       Sout (PAD)
  Source Clock:      clk rising

  Data Path: state_FSM_FFd3 to Sout
                                Gate     Net
    Cell:in->out      fanout   Delay   Delay  Logical Name (Net Name)
    ----------------------------------------  ------------
     FDC:C->Q             32   0.591   1.405  state_FSM_FFd3 (state_FSM_FFd3)
     LUT3:I0->O            5   0.648   0.633  state_FSM_Out111 (Sout_OBUF)
     OBUF:I->O                 4.520          Sout_OBUF (Sout)
    ----------------------------------------
    Total                      7.797ns (5.759ns logic, 2.038ns route)
                                       (73.9% logic, 26.1% route)

=========================================================================


Total REAL time to Xst completion: 7.00 secs
Total CPU time to Xst completion: 7.86 secs
 
--> 

Total memory usage is 306672 kilobytes

Number of errors   :    0 (   0 filtered)
Number of warnings :    7 (   0 filtered)
Number of infos    :    1 (   0 filtered)

