Release 14.7 - xst P.20131013 (nt64)
Copyright (c) 1995-2013 Xilinx, Inc.  All rights reserved.
--> Parameter TMPDIR set to xst/projnav.tmp


Total REAL time to Xst completion: 1.00 secs
Total CPU time to Xst completion: 0.29 secs
 
--> Parameter xsthdpdir set to xst


Total REAL time to Xst completion: 1.00 secs
Total CPU time to Xst completion: 0.29 secs
 
--> Reading design: phases.prj

TABLE OF CONTENTS
  1) Synthesis Options Summary
  2) HDL Compilation
  3) Design Hierarchy Analysis
  4) HDL Analysis
  5) HDL Synthesis
     5.1) HDL Synthesis Report
  6) Advanced HDL Synthesis
     6.1) Advanced HDL Synthesis Report
  7) Low Level Synthesis
  8) Partition Report
  9) Final Report
	9.1) Device utilization summary
	9.2) Partition Resource Summary
	9.3) TIMING REPORT


=========================================================================
*                      Synthesis Options Summary                        *
=========================================================================
---- Source Parameters
Input File Name                    : "phases.prj"
Input Format                       : mixed
Ignore Synthesis Constraint File   : NO

---- Target Parameters
Output File Name                   : "phases"
Output Format                      : NGC
Target Device                      : xc3s50a-4-tq144

---- Source Options
Top Module Name                    : phases
Automatic FSM Extraction           : YES
FSM Encoding Algorithm             : Auto
Safe Implementation                : No
FSM Style                          : LUT
RAM Extraction                     : Yes
RAM Style                          : Auto
ROM Extraction                     : Yes
Mux Style                          : Auto
Decoder Extraction                 : YES
Priority Encoder Extraction        : Yes
Shift Register Extraction          : YES
Logical Shifter Extraction         : YES
XOR Collapsing                     : YES
ROM Style                          : Auto
Mux Extraction                     : Yes
Resource Sharing                   : YES
Asynchronous To Synchronous        : NO
Multiplier Style                   : Auto
Automatic Register Balancing       : No

---- Target Options
Add IO Buffers                     : YES
Global Maximum Fanout              : 100000
Add Generic Clock Buffer(BUFG)     : 24
Register Duplication               : YES
Slice Packing                      : YES
Optimize Instantiated Primitives   : NO
Use Clock Enable                   : Yes
Use Synchronous Set                : Yes
Use Synchronous Reset              : Yes
Pack IO Registers into IOBs        : Auto
Equivalent register Removal        : YES

---- General Options
Optimization Goal                  : Speed
Optimization Effort                : 1
Keep Hierarchy                     : No
Netlist Hierarchy                  : As_Optimized
RTL Output                         : Yes
Global Optimization                : AllClockNets
Read Cores                         : YES
Write Timing Constraints           : NO
Cross Clock Analysis               : NO
Hierarchy Separator                : /
Bus Delimiter                      : <>
Case Specifier                     : Maintain
Slice Utilization Ratio            : 100
BRAM Utilization Ratio             : 100
Verilog 2001                       : YES
Auto BRAM Packing                  : NO
Slice Utilization Ratio Delta      : 5

=========================================================================


=========================================================================
*                          HDL Compilation                              *
=========================================================================
Compiling vhdl file "C:/Users/DWWW/Downloads/SimonSays-master/phases211.vhd" in Library work.
Entity <phases> compiled.
Entity <phases> (Architecture <behavioral>) compiled.

=========================================================================
*                     Design Hierarchy Analysis                         *
=========================================================================
Analyzing hierarchy for entity <phases> in library <work> (architecture <behavioral>).


=========================================================================
*                            HDL Analysis                               *
=========================================================================
Analyzing Entity <phases> in library <work> (Architecture <behavioral>).
Entity <phases> analyzed. Unit <phases> generated.


=========================================================================
*                           HDL Synthesis                               *
=========================================================================

Performing bidirectional port resolution...

Synthesizing Unit <phases>.
    Related source file is "C:/Users/DWWW/Downloads/SimonSays-master/phases211.vhd".
WARNING:Xst:647 - Input <button4> is never used. This port will be preserved and left unconnected if it belongs to a top-level block or it belongs to a sub-block and the hierarchy of this sub-block is preserved.
WARNING:Xst:647 - Input <button5> is never used. This port will be preserved and left unconnected if it belongs to a top-level block or it belongs to a sub-block and the hierarchy of this sub-block is preserved.
WARNING:Xst:1780 - Signal <nextstate> is never used or assigned. This unconnected signal will be trimmed during the optimization process.
WARNING:Xst:653 - Signal <bcd2> is used but never assigned. This sourceless signal will be automatically connected to value 00000000000000000000000000000000.
    Found finite state machine <FSM_0> for signal <state>.
    -----------------------------------------------------------------------
    | States             | 11                                             |
    | Transitions        | 29                                             |
    | Inputs             | 5                                              |
    | Outputs            | 17                                             |
    | Clock              | clk                       (rising_edge)        |
    | Reset              | reset                     (negative)           |
    | Reset type         | asynchronous                                   |
    | Reset State        | preone                                         |
    | Power Up State     | preone                                         |
    | Encoding           | automatic                                      |
    | Implementation     | LUT                                            |
    -----------------------------------------------------------------------
    Found 4x2-bit ROM for signal <Seven_Segment_Enable>.
    Found 16x8-bit ROM for signal <Seven_Segment_Display_output$mux0000>.
    Found 32-bit 4-to-1 multiplexer for signal <bcd>.
    Found 4-bit register for signal <bcd0>.
    Found 4-bit register for signal <bcd1>.
    Found 2-bit up counter for signal <digit_sel>.
    Found 32-bit register for signal <i>.
    Found 32-bit adder for signal <i$addsub0000>.
    Found 1-bit register for signal <refresh_clk>.
    Found 32-bit up counter for signal <refresh_count>.
    Found 32-bit comparator less for signal <state$cmp_lt0000> created at line 82.
    Summary:
	inferred   1 Finite State Machine(s).
	inferred   2 ROM(s).
	inferred   2 Counter(s).
	inferred  41 D-type flip-flop(s).
	inferred   1 Adder/Subtractor(s).
	inferred   1 Comparator(s).
	inferred  32 Multiplexer(s).
Unit <phases> synthesized.

INFO:Xst:1767 - HDL ADVISOR - Resource sharing has identified that some arithmetic operations in this design can share the same physical resources for reduced device utilization. For improved clock frequency you may try to disable resource sharing.

=========================================================================
HDL Synthesis Report

Macro Statistics
# ROMs                                                 : 2
 16x8-bit ROM                                          : 1
 4x2-bit ROM                                           : 1
# Adders/Subtractors                                   : 1
 32-bit adder                                          : 1
# Counters                                             : 2
 2-bit up counter                                      : 1
 32-bit up counter                                     : 1
# Registers                                            : 4
 1-bit register                                        : 1
 32-bit register                                       : 1
 4-bit register                                        : 2
# Comparators                                          : 1
 32-bit comparator less                                : 1
# Multiplexers                                         : 1
 32-bit 4-to-1 multiplexer                             : 1

=========================================================================

=========================================================================
*                       Advanced HDL Synthesis                          *
=========================================================================

Analyzing FSM <FSM_0> for best encoding.
Optimizing FSM <state/FSM> on signal <state[1:11]> with one-hot encoding.
------------------------------
 State         | Encoding
------------------------------
 preone        | 00000000001
 pretwo        | 00000000010
 prethree      | 00000000100
 zero          | 00000001000
 one           | 00001000000
 two           | 00100000000
 win           | 10000000000
 over          | 00000100000
 zerowaitstate | 00000010000
 onewaitstate  | 00010000000
 twowaitstate  | 01000000000
------------------------------
WARNING:Xst:1293 - FF/Latch <bcd1_2> has a constant value of 0 in block <phases>. This FF/Latch will be trimmed during the optimization process.

=========================================================================
Advanced HDL Synthesis Report

Macro Statistics
# FSMs                                                 : 1
# ROMs                                                 : 2
 16x8-bit ROM                                          : 1
 4x2-bit ROM                                           : 1
# Adders/Subtractors                                   : 1
 32-bit adder                                          : 1
# Counters                                             : 2
 2-bit up counter                                      : 1
 32-bit up counter                                     : 1
# Registers                                            : 41
 Flip-Flops                                            : 41
# Comparators                                          : 1
 32-bit comparator less                                : 1
# Multiplexers                                         : 1
 32-bit 4-to-1 multiplexer                             : 1

=========================================================================

=========================================================================
*                         Low Level Synthesis                           *
=========================================================================
INFO:Xst:2261 - The FF/Latch <bcd1_3> in Unit <phases> is equivalent to the following FF/Latch, which will be removed : <bcd0_3> 
WARNING:Xst:2677 - Node <digit_sel_1> of sequential type is unconnected in block <phases>.
WARNING:Xst:1293 - FF/Latch <bcd1_2> has a constant value of 0 in block <phases>. This FF/Latch will be trimmed during the optimization process.
INFO:Xst:2261 - The FF/Latch <bcd0_1> in Unit <phases> is equivalent to the following FF/Latch, which will be removed : <bcd0_2> 

Optimizing unit <phases> ...

Mapping all equations...
Building and optimizing final netlist ...
Found area constraint ratio of 100 (+ 5) on block phases, actual ratio is 16.

Final Macro Processing ...

=========================================================================
Final Register Report

Macro Statistics
# Registers                                            : 82
 Flip-Flops                                            : 82

=========================================================================

=========================================================================
*                           Partition Report                            *
=========================================================================

Partition Implementation Status
-------------------------------

  No Partitions were found in this design.

-------------------------------

=========================================================================
*                            Final Report                               *
=========================================================================
Final Results
RTL Top Level Output File Name     : phases.ngr
Top Level Output File Name         : phases
Output Format                      : NGC
Optimization Goal                  : Speed
Keep Hierarchy                     : No

Design Statistics
# IOs                              : 18

Cell Usage :
# BELS                             : 371
#      GND                         : 1
#      INV                         : 9
#      LUT1                        : 66
#      LUT2                        : 36
#      LUT2_D                      : 2
#      LUT3                        : 23
#      LUT4                        : 65
#      LUT4_D                      : 4
#      MUXCY                       : 91
#      MUXF5                       : 9
#      VCC                         : 1
#      XORCY                       : 64
# FlipFlops/Latches                : 82
#      FD                          : 1
#      FDC                         : 10
#      FDE                         : 70
#      FDP                         : 1
# Clock Buffers                    : 1
#      BUFGP                       : 1
# IO Buffers                       : 15
#      IBUF                        : 4
#      OBUF                        : 11
=========================================================================

Device utilization summary:
---------------------------

Selected Device : 3s50atq144-4 

 Number of Slices:                      108  out of    704    15%  
 Number of Slice Flip Flops:             82  out of   1408     5%  
 Number of 4 input LUTs:                205  out of   1408    14%  
 Number of IOs:                          18
 Number of bonded IOBs:                  16  out of    108    14%  
 Number of GCLKs:                         1  out of     24     4%  

---------------------------
Partition Resource Summary:
---------------------------

  No Partitions were found in this design.

---------------------------


=========================================================================
TIMING REPORT

NOTE: THESE TIMING NUMBERS ARE ONLY A SYNTHESIS ESTIMATE.
      FOR ACCURATE TIMING INFORMATION PLEASE REFER TO THE TRACE REPORT
      GENERATED AFTER PLACE-and-ROUTE.

Clock Information:
------------------
-----------------------------------+------------------------+-------+
Clock Signal                       | Clock buffer(FF name)  | Load  |
-----------------------------------+------------------------+-------+
clk                                | BUFGP                  | 81    |
refresh_clk                        | NONE(digit_sel_0)      | 1     |
-----------------------------------+------------------------+-------+
INFO:Xst:2169 - HDL ADVISOR - Some clock signals were not automatically buffered by XST with BUFG/BUFR resources. Please use the buffer_type constraint in order to insert these buffers to the clock signals to help prevent skew problems.

Asynchronous Control Signals Information:
----------------------------------------
-------------------------------------------------------+------------------------+-------+
Control Signal                                         | Buffer(FF name)        | Load  |
-------------------------------------------------------+------------------------+-------+
state_FSM_Acst_FSM_inv(state_FSM_Acst_FSM_inv1_INV_0:O)| NONE(state_FSM_FFd1)   | 11    |
-------------------------------------------------------+------------------------+-------+

Timing Summary:
---------------
Speed Grade: -4

   Minimum period: 7.048ns (Maximum Frequency: 141.884MHz)
   Minimum input arrival time before clock: 3.724ns
   Maximum output required time after clock: 7.615ns
   Maximum combinational path delay: No path found

Timing Detail:
--------------
All values displayed in nanoseconds (ns)

=========================================================================
Timing constraint: Default period analysis for Clock 'clk'
  Clock period: 7.048ns (frequency: 141.884MHz)
  Total number of paths / destination ports: 4978 / 82
-------------------------------------------------------------------------
Delay:               7.048ns (Levels of Logic = 16)
  Source:            i_5 (FF)
  Destination:       i_0 (FF)
  Source Clock:      clk rising
  Destination Clock: clk rising

  Data Path: i_5 to i_0
                                Gate     Net
    Cell:in->out      fanout   Delay   Delay  Logical Name (Net Name)
    ----------------------------------------  ------------
     FDE:C->Q              4   0.591   0.730  i_5 (i_5)
     LUT1:I0->O            1   0.648   0.000  Mcompar_state_cmp_lt0000_cy<0>_rt (Mcompar_state_cmp_lt0000_cy<0>_rt)
     MUXCY:S->O            1   0.632   0.000  Mcompar_state_cmp_lt0000_cy<0> (Mcompar_state_cmp_lt0000_cy<0>)
     MUXCY:CI->O           1   0.065   0.000  Mcompar_state_cmp_lt0000_cy<1> (Mcompar_state_cmp_lt0000_cy<1>)
     MUXCY:CI->O           1   0.065   0.000  Mcompar_state_cmp_lt0000_cy<2> (Mcompar_state_cmp_lt0000_cy<2>)
     MUXCY:CI->O           1   0.065   0.000  Mcompar_state_cmp_lt0000_cy<3> (Mcompar_state_cmp_lt0000_cy<3>)
     MUXCY:CI->O           1   0.065   0.000  Mcompar_state_cmp_lt0000_cy<4> (Mcompar_state_cmp_lt0000_cy<4>)
     MUXCY:CI->O           1   0.065   0.000  Mcompar_state_cmp_lt0000_cy<5> (Mcompar_state_cmp_lt0000_cy<5>)
     MUXCY:CI->O           1   0.065   0.000  Mcompar_state_cmp_lt0000_cy<6> (Mcompar_state_cmp_lt0000_cy<6>)
     MUXCY:CI->O           1   0.065   0.000  Mcompar_state_cmp_lt0000_cy<7> (Mcompar_state_cmp_lt0000_cy<7>)
     MUXCY:CI->O           1   0.065   0.000  Mcompar_state_cmp_lt0000_cy<8> (Mcompar_state_cmp_lt0000_cy<8>)
     MUXCY:CI->O           1   0.065   0.000  Mcompar_state_cmp_lt0000_cy<9> (Mcompar_state_cmp_lt0000_cy<9>)
     MUXCY:CI->O           1   0.065   0.000  Mcompar_state_cmp_lt0000_cy<10> (Mcompar_state_cmp_lt0000_cy<10>)
     MUXCY:CI->O           1   0.065   0.000  Mcompar_state_cmp_lt0000_cy<11> (Mcompar_state_cmp_lt0000_cy<11>)
     MUXCY:CI->O           9   0.269   0.900  Mcompar_state_cmp_lt0000_cy<12> (Mcompar_state_cmp_lt0000_cy<12>)
     LUT2_D:I1->O         15   0.643   1.020  i_mux0000<0>21 (N5)
     LUT4:I3->O            1   0.648   0.000  i_mux0000<20>1 (i_mux0000<20>)
     FDE:D                     0.252          i_20
    ----------------------------------------
    Total                      7.048ns (4.398ns logic, 2.650ns route)
                                       (62.4% logic, 37.6% route)

=========================================================================
Timing constraint: Default period analysis for Clock 'refresh_clk'
  Clock period: 2.820ns (frequency: 354.610MHz)
  Total number of paths / destination ports: 1 / 1
-------------------------------------------------------------------------
Delay:               2.820ns (Levels of Logic = 1)
  Source:            digit_sel_0 (FF)
  Destination:       digit_sel_0 (FF)
  Source Clock:      refresh_clk rising
  Destination Clock: refresh_clk rising

  Data Path: digit_sel_0 to digit_sel_0
                                Gate     Net
    Cell:in->out      fanout   Delay   Delay  Logical Name (Net Name)
    ----------------------------------------  ------------
     FD:C->Q              10   0.591   0.882  digit_sel_0 (digit_sel_0)
     INV:I->O              2   0.648   0.447  Seven_Segment_Enable<1>1_INV_0 (Seven_Segment_Enable_1_OBUF)
     FD:D                      0.252          digit_sel_0
    ----------------------------------------
    Total                      2.820ns (1.491ns logic, 1.329ns route)
                                       (52.9% logic, 47.1% route)

=========================================================================
Timing constraint: Default OFFSET IN BEFORE for Clock 'clk'
  Total number of paths / destination ports: 94 / 78
-------------------------------------------------------------------------
Offset:              3.724ns (Levels of Logic = 3)
  Source:            button1 (PAD)
  Destination:       state_FSM_FFd6 (FF)
  Destination Clock: clk rising

  Data Path: button1 to state_FSM_FFd6
                                Gate     Net
    Cell:in->out      fanout   Delay   Delay  Logical Name (Net Name)
    ----------------------------------------  ------------
     IBUF:I->O             8   0.849   0.837  button1_IBUF (button1_IBUF)
     LUT4:I1->O            1   0.643   0.500  state_FSM_FFd6-In10 (state_FSM_FFd6-In10)
     LUT4:I1->O            1   0.643   0.000  state_FSM_FFd6-In49 (state_FSM_FFd6-In)
     FDC:D                     0.252          state_FSM_FFd6
    ----------------------------------------
    Total                      3.724ns (2.387ns logic, 1.337ns route)
                                       (64.1% logic, 35.9% route)

=========================================================================
Timing constraint: Default OFFSET OUT AFTER for Clock 'clk'
  Total number of paths / destination ports: 46 / 9
-------------------------------------------------------------------------
Offset:              7.615ns (Levels of Logic = 3)
  Source:            bcd1_3 (FF)
  Destination:       SevenD<6> (PAD)
  Source Clock:      clk rising

  Data Path: bcd1_3 to SevenD<6>
                                Gate     Net
    Cell:in->out      fanout   Delay   Delay  Logical Name (Net Name)
    ----------------------------------------  ------------
     FDE:C->Q             15   0.591   1.160  bcd1_3 (bcd1_3)
     LUT3:I0->O            1   0.648   0.000  Mrom_Seven_Segment_Display_output_mux000011_F (N28)
     MUXF5:I0->O           1   0.276   0.420  Mrom_Seven_Segment_Display_output_mux000011 (SevenD_1_OBUF)
     OBUF:I->O                 4.520          SevenD_1_OBUF (SevenD<1>)
    ----------------------------------------
    Total                      7.615ns (6.035ns logic, 1.580ns route)
                                       (79.3% logic, 20.7% route)

=========================================================================
Timing constraint: Default OFFSET OUT AFTER for Clock 'refresh_clk'
  Total number of paths / destination ports: 10 / 10
-------------------------------------------------------------------------
Offset:              7.169ns (Levels of Logic = 2)
  Source:            digit_sel_0 (FF)
  Destination:       SevenD<6> (PAD)
  Source Clock:      refresh_clk rising

  Data Path: digit_sel_0 to SevenD<6>
                                Gate     Net
    Cell:in->out      fanout   Delay   Delay  Logical Name (Net Name)
    ----------------------------------------  ------------
     FD:C->Q              10   0.591   0.882  digit_sel_0 (digit_sel_0)
     MUXF5:S->O            1   0.756   0.420  SevenD<0> (SevenD_0_OBUF)
     OBUF:I->O                 4.520          SevenD_0_OBUF (SevenD<0>)
    ----------------------------------------
    Total                      7.169ns (5.867ns logic, 1.302ns route)
                                       (81.8% logic, 18.2% route)

=========================================================================


Total REAL time to Xst completion: 15.00 secs
Total CPU time to Xst completion: 14.94 secs
 
--> 

Total memory usage is 4549820 kilobytes

Number of errors   :    0 (   0 filtered)
Number of warnings :    7 (   0 filtered)
Number of infos    :    4 (   0 filtered)

